npm warn Unknown project config "puppeteer_skip_download". This will stop working in the next major version of npm.

> ezbuildr@1.0.0 build
> cross-env VITE_GOOGLE_CLIENT_ID=$VITE_GOOGLE_CLIENT_ID vite build && esbuild server/production.ts --platform=node --bundle --format=esm --outfile=dist/index.js --packages=external

[36mvite v7.3.0 [32mbuilding client environment for production...[36m[39m
transforming...
[32m✓[39m 3730 modules transformed.
[33m[plugin vite:reporter] 
(!) C:/Users/scoot/poll/VaultLogic/client/src/lib/vault-api.ts is dynamically imported by C:/Users/scoot/poll/VaultLogic/client/src/pages/auth/LoginPage.tsx but also statically imported by C:/Users/scoot/poll/VaultLogic/client/src/components/analytics/DropoffList.tsx, C:/Users/scoot/poll/VaultLogic/client/src/components/analytics/WorkflowHealthPanel.tsx, C:/Users/scoot/poll/VaultLogic/client/src/components/blocks/QueryBlockEditor.tsx, C:/Users/scoot/poll/VaultLogic/client/src/components/blocks/ReadTableBlockEditor.tsx, C:/Users/scoot/poll/VaultLogic/client/src/components/blocks/SendDataToTableBlockEditor.tsx, C:/Users/scoot/poll/VaultLogic/client/src/components/branding/BrandingContext.tsx, C:/Users/scoot/poll/VaultLogic/client/src/components/branding/index.ts, C:/Users/scoot/poll/VaultLogic/client/src/components/builder/IntakeContext.tsx, C:/Users/scoot/poll/VaultLogic/client/src/components/builder/versioning/DiffViewer.tsx, C:/Users/scoot/poll/VaultLogic/client/src/components/builder/versioning/VersionHistoryPanel.tsx, C:/Users/scoot/poll/VaultLogic/client/src/components/dashboard/WorkflowCard.tsx, C:/Users/scoot/poll/VaultLogic/client/src/components/history/ExecutionDetailView.tsx, C:/Users/scoot/poll/VaultLogic/client/src/components/history/WorkflowHistoryDialog.tsx, C:/Users/scoot/poll/VaultLogic/client/src/components/runs/RunsTable.tsx, C:/Users/scoot/poll/VaultLogic/client/src/components/templates/TemplateBrowserDialog.tsx, C:/Users/scoot/poll/VaultLogic/client/src/hooks/useAuth.ts, C:/Users/scoot/poll/VaultLogic/client/src/lib/queryClient.ts, C:/Users/scoot/poll/VaultLogic/client/src/lib/vault-hooks.ts, C:/Users/scoot/poll/VaultLogic/client/src/pages/BrandingSettingsPage.tsx, C:/Users/scoot/poll/VaultLogic/client/src/pages/DomainSettingsPage.tsx, C:/Users/scoot/poll/VaultLogic/client/src/pages/EmailTemplateEditorPage.tsx, C:/Users/scoot/poll/VaultLogic/client/src/pages/EmailTemplatesPage.tsx, C:/Users/scoot/poll/VaultLogic/client/src/pages/NewWorkflow.tsx, C:/Users/scoot/poll/VaultLogic/client/src/pages/RunDetails.tsx, C:/Users/scoot/poll/VaultLogic/client/src/pages/RunsCompare.tsx, C:/Users/scoot/poll/VaultLogic/client/src/pages/RunsDashboard.tsx, C:/Users/scoot/poll/VaultLogic/client/src/pages/SettingsPage.tsx, C:/Users/scoot/poll/VaultLogic/client/src/pages/VisualWorkflowBuilder.tsx, C:/Users/scoot/poll/VaultLogic/client/src/pages/WorkflowBuilder.tsx, C:/Users/scoot/poll/VaultLogic/client/src/pages/WorkflowsList.tsx, C:/Users/scoot/poll/VaultLogic/client/src/pages/auth/ForgotPasswordPage.tsx, C:/Users/scoot/poll/VaultLogic/client/src/pages/auth/LoginPage.tsx, C:/Users/scoot/poll/VaultLogic/client/src/pages/auth/RegisterPage.tsx, C:/Users/scoot/poll/VaultLogic/client/src/pages/auth/ResetPasswordPage.tsx, C:/Users/scoot/poll/VaultLogic/client/src/pages/auth/VerifyEmailPage.tsx, C:/Users/scoot/poll/VaultLogic/client/src/pages/optimization/OptimizationWizard.tsx, dynamic import will not move module into another chunk.
[39m
[33m[plugin vite:reporter] 
(!) C:/Users/scoot/poll/VaultLogic/client/src/lib/queryClient.ts is dynamically imported by C:/Users/scoot/poll/VaultLogic/client/src/pages/auth/LoginPage.tsx but also statically imported by C:/Users/scoot/poll/VaultLogic/client/src/App.tsx, C:/Users/scoot/poll/VaultLogic/client/src/components/GoogleLogin.tsx, C:/Users/scoot/poll/VaultLogic/client/src/components/builder/ai/AiAssistantDialog.tsx, C:/Users/scoot/poll/VaultLogic/client/src/hooks/useUserPreferences.ts, C:/Users/scoot/poll/VaultLogic/client/src/lib/api.ts, C:/Users/scoot/poll/VaultLogic/client/src/lib/datavault-api.ts, C:/Users/scoot/poll/VaultLogic/client/src/lib/sample-workflow.ts, C:/Users/scoot/poll/VaultLogic/client/src/pages/AdminLogs.tsx, C:/Users/scoot/poll/VaultLogic/client/src/pages/AdminUsers.tsx, dynamic import will not move module into another chunk.
[39m
rendering chunks...
computing gzip size...
[2m../dist/public/[22m[32mindex.html                          [39m[1m[2m    2.15 kB[22m[1m[22m[2m │ gzip:     0.85 kB[22m
[2m../dist/public/[22m[32massets/logo-BqQge6Bo.png            [39m[1m[2m   19.90 kB[22m[1m[22m
[2m../dist/public/[22m[32massets/pdf.worker.min-qwK7q_zL.mjs  [39m[1m[2m1,046.21 kB[22m[1m[22m
[2m../dist/public/[22m[35massets/index-CCIeQks0.css           [39m[1m[2m  155.94 kB[22m[1m[22m[2m │ gzip:    24.03 kB[22m
[2m../dist/public/[22m[36massets/index-CT_vgykz.js            [39m[1m[33m4,842.38 kB[39m[22m[2m │ gzip: 1,067.89 kB[22m
[33m
(!) Some chunks are larger than 500 kB after minification. Consider:
- Using dynamic import() to code-split the application
- Use build.rollupOptions.output.manualChunks to improve chunking: https://rollupjs.org/configuration-options/#output-manualchunks
- Adjust chunk size limit for this warning via build.chunkSizeWarningLimit.[39m
[32m✓ built in 17.05s[39m

  dist\index.js  1.7mb

Done in 59ms
